[1.7083+0.7742j 0.3155+0.2806j 0.5436+0.3891j 1.6182+0.6193j]
