[[ 0.5922  0.229   0.1364  0.4378]
 [ 0.3715  0.1256  0.6843  0.6819]
 [-0.1167  0.0459 -0.4194 -0.4148]
 [ 0.6288  0.1198  1.044   0.5695]]
