[[ 0.50733864+0.j -0.41179499+0.j  0.05250907+0.j -0.44733096+0.j]
 [ 0.5254453 +0.j  0.71000965+0.j -0.48220588+0.j  0.36321243+0.j]
 [ 0.16330288+0.j -0.07376638+0.j  0.26005737+0.j -0.02031922+0.j]
 [ 0.37632227+0.j  0.3844723 +0.j  0.92544899+0.j  0.76470818+0.j]]
