(array([0.3432+0.j, 0.7263+0.j, 0.3613+0.j, 0.4527+0.j], dtype=complex64), array([-0.1273+0.j, -0.1192+0.j,  0.3322+0.j,  0.0769+0.j],
      dtype=complex64))
