[[1.2943 0.8705 1.5951 0.9277]
 [1.1207 0.4046 0.7939 0.4608]
 [1.2167 0.6863 1.2469 0.8229]
 [0.4603 0.3006 0.3167 0.4039]]
