[[1.7271 1.4252 1.3826 2.4303]
 [1.5638 1.1957 1.6722 2.5791]
 [2.0287 1.9429 1.8612 2.4711]
 [1.3794 2.0074 1.4234 2.0269]]
