[[ 1.48399983+0.j  0.07089247+0.j  0.47244258+0.j  0.03675688+0.j]
 [ 1.49138453+0.j  1.63771081+0.j  0.85180325+0.j  1.6813885 +0.j]
 [-1.24130668+0.j -0.75048043+0.j -0.01415904+0.j -0.53835598+0.j]
 [-6.96094553-0.j -2.93386725-0.j -0.21997094-0.j -1.52076495-0.j]]
