[[0.33   0.7098 0.3106 0.4216]
 [0.7098 1.836  0.6389 1.1542]
 [0.3106 0.6389 0.3176 0.387 ]
 [0.4216 1.1542 0.387  0.9056]]
