[[0.3362+0.j 0.5627+0.j 0.626 +0.j 0.3354+0.j]
 [0.5627+0.j 1.2153+0.j 1.4691+0.j 0.8538+0.j]
 [0.626 +0.j 1.4691+0.j 1.9265+0.j 1.2292+0.j]
 [0.3354+0.j 0.8538+0.j 1.2292+0.j 1.0699+0.j]]
