[ 1.2281537  -0.4997824  -0.03379735 -1.1042402 ]
