[[0.5628+0.j 1.0112+0.j 0.9985+0.j 0.507 +0.j]
 [1.0112+0.j 2.4416+0.j 1.9694+0.j 0.9612+0.j]
 [0.9985+0.j 1.9694+0.j 1.9529+0.j 0.9035+0.j]
 [0.507 +0.j 0.9612+0.j 0.9035+0.j 0.4837+0.j]]
