[[ 0.6443+0.j  0.0319+0.j  0.4789+0.j  0.7599+0.j]
 [ 0.7534+0.j  0.8088+0.j  0.0996+0.j  0.1504+0.j]
 [ 0.0234+0.j  0.0848+0.j -0.1072+0.j -0.0235+0.j]
 [ 0.292 +0.j  0.1953+0.j  0.1927+0.j  0.041 +0.j]]
