[[2.2131+0.j 1.7367+0.j 2.0218+0.j 1.8717+0.j]
 [1.796 +0.j 0.875 +0.j 1.8959+0.j 0.873 +0.j]
 [1.7673+0.j 1.6676+0.j 1.6013+0.j 1.7546+0.j]
 [2.0353+0.j 0.4533+0.j 2.5122+0.j 2.5763+0.j]]
