[[ 0.6696+0.j  0.8841+0.j  1.1085+0.j  0.1977+0.j]
 [-0.6993+0.j -1.2712+0.j -1.675 +0.j -1.6826+0.j]
 [-0.7735+0.j -0.4576+0.j -0.7183+0.j  1.3791+0.j]
 [ 1.308 +0.j  1.4651+0.j  1.4073+0.j  0.1816+0.j]]
