[-0.22980621 -0.14425549  1.0506301   0.6889436 ]
