[ 4.10712796 -3.30195275 -5.19819302  8.97619101]
