[-4.62600078  1.384389    0.59683743  1.04187596]
