[[1.1965355 1.3352721 2.1981654 1.0363469]
 [1.8176216 1.431174  1.5343051 1.3436354]
 [2.2696495 1.1291324 2.1927595 1.2166488]
 [2.1085677 1.6919745 1.668889  2.1024625]]
