[[0.1706+0.j 0.5549+0.j 0.4174+0.j 0.4456+0.j]
 [0.5549+0.j 1.9664+0.j 1.494 +0.j 1.5965+0.j]
 [0.4174+0.j 1.494 +0.j 1.3327+0.j 1.2584+0.j]
 [0.4456+0.j 1.5965+0.j 1.2584+0.j 1.6277+0.j]]
