[[2.5026+0.j 2.4928+0.j 2.3698+0.j 2.2928+0.j]
 [2.4928+0.j 3.0315+0.j 2.2052+0.j 2.4029+0.j]
 [2.3698+0.j 2.2052+0.j 2.0961+0.j 2.1917+0.j]
 [2.2928+0.j 2.4029+0.j 2.1917+0.j 2.0603+0.j]]
