[-1.21726968  1.36382174  0.11634474  0.8464042 ]
