[[2.3707 2.7713 2.4503 3.1788]
 [2.7713 2.7235 2.006  3.2653]
 [2.4503 2.006  2.0656 2.7718]
 [3.1788 3.2653 2.7718 4.1579]]
