[[ 0.77476895 -0.723724    0.9783554  -0.3370408 ]
 [-0.05404974  0.29657036 -3.1250603  -1.2283673 ]
 [-0.25902858 -0.5412427  -0.7997131  -0.9312093 ]
 [ 1.4985971   1.5310524   3.6853392   3.0452342 ]]
