[[0.5948+0.j 0.8328+0.j 0.9704+0.j 0.889 +0.j]
 [0.8328+0.j 1.5936+0.j 2.0558+0.j 2.3148+0.j]
 [0.9704+0.j 2.0558+0.j 1.5664+0.j 1.8826+0.j]
 [0.889 +0.j 2.3148+0.j 1.8826+0.j 1.1753+0.j]]
