[[ 3.2049e+02+0.j -1.2634e+01+0.j -1.2768e+02+0.j -5.1617e+01+0.j]
 [-8.2545e+01+0.j -6.9602e-01+0.j  3.4603e+01+0.j  1.1934e+01+0.j]
 [ 2.9814e+00+0.j  4.5609e-01+0.j -1.7341e+00+0.j -3.2949e-01+0.j]
 [ 2.3772e-01+0.j  7.5306e-01+0.j  1.1633e+00+0.j  3.5243e-01+0.j]]
