(array([0.5674, 0.3668, 0.2216, 0.1709]), array([ 0.082 , -0.2854, -0.1157,  0.0629]))
