[[1.5319+0.j 1.6241+0.j 1.5154+0.j 0.7477+0.j]
 [0.5298+0.j 1.3315+0.j 1.5363+0.j 1.226 +0.j]
 [0.5707+0.j 0.6305+0.j 1.2246+0.j 0.4767+0.j]
 [1.3192+0.j 2.3192+0.j 1.5747+0.j 1.124 +0.j]]
