[[ 0.6955+0.j  0.5981+0.j  0.42  +0.j  0.4465+0.j]
 [ 0.1135+0.j -0.0126+0.j -0.6414+0.j -1.0923+0.j]
 [ 0.8396+0.j -0.0076-0.j  1.9571+0.j  1.0193+0.j]
 [-1.1109+0.j  0.7324+0.j -1.0501+0.j  0.4083+0.j]]
