[[0.5803+0.j 1.329 +0.j 1.1205+0.j 1.5839+0.j]
 [0.9324+0.j 1.5997+0.j 2.3515+0.j 1.7053+0.j]
 [1.3199+0.j 1.6272+0.j 2.1425+0.j 1.9385+0.j]
 [0.3119+0.j 0.9725+0.j 1.7602+0.j 1.0356+0.j]]
