[[1.2635 0.8915 1.4161 1.2597]
 [0.1454 0.2641 0.6007 0.5187]
 [0.5283 0.2309 0.5189 0.464 ]
 [0.025  0.0056 0.0116 0.0109]]
