[[0.4289+0.j 0.9066+0.j 0.7654+0.j 0.6891+0.j]
 [0.1258+0.j 1.3911+0.j 1.0437+0.j 1.6194+0.j]
 [0.0631+0.j 0.8453+0.j 0.8376+0.j 0.8021+0.j]
 [0.0622+0.j 0.202 +0.j 0.3237+0.j 0.3334+0.j]]
