[[1.0806 0.8624 1.1321 0.9079]
 [1.8067 1.5025 1.0207 0.8797]
 [1.8477 2.0145 2.0683 1.198 ]
 [1.4193 1.0708 1.9685 1.3881]]
