[[1.3568+0.j 1.1736+0.j 0.8522+0.j 1.6909+0.j]
 [1.1736+0.j 1.3036+0.j 0.6835+0.j 1.7281+0.j]
 [0.8522+0.j 0.6835+0.j 1.3853+0.j 1.4631+0.j]
 [1.6909+0.j 1.7281+0.j 1.4631+0.j 2.6396+0.j]]
