[[1.7263311 +0.j 0.68391377+0.j 1.1905768 +0.j 0.9060719 +0.j]
 [1.5804605 +0.j 1.3448783 +0.j 1.8516893 +0.j 1.8586789 +0.j]
 [0.423928  +0.j 0.1925031 +0.j 0.90098476+0.j 0.50928575+0.j]
 [0.37632227+0.j 0.3844723 +0.j 0.925449  +0.j 0.76470816+0.j]]
