[[1.39  +0.j 1.6349+0.j 2.1808+0.j 2.1968+0.j]
 [1.6349+0.j 1.0051+0.j 2.0798+0.j 1.7991+0.j]
 [2.1808+0.j 2.0798+0.j 2.8158+0.j 2.687 +0.j]
 [2.1968+0.j 1.7991+0.j 2.687 +0.j 2.812 +0.j]]
