[-17.1181935   -1.35627309  25.63803256   0.20303552]
