[[0.7579+0.j 0.377 +0.j 0.5419+0.j 0.0762+0.j]
 [1.0228+0.j 0.4658+0.j 1.1221+0.j 0.7808+0.j]
 [1.3363+0.j 1.2287+0.j 1.3649+0.j 1.6439+0.j]
 [1.937 +0.j 1.3655+0.j 1.3216+0.j 2.1938+0.j]]
