[[1.4696 1.0473 0.9521 1.2379]
 [1.6269 1.1887 0.9291 1.2248]
 [2.264  1.8617 1.1308 1.741 ]
 [1.1247 1.9451 1.934  0.9943]]
