[[1.5707+0.j 1.9022+0.j 1.8273+0.j 1.4749+0.j]
 [1.9022+0.j 0.887 +0.j 1.3068+0.j 0.5122+0.j]
 [1.8273+0.j 1.3068+0.j 1.6721+0.j 0.5727+0.j]
 [1.4749+0.j 0.5122+0.j 0.5727+0.j 0.1626+0.j]]
