[[ 0.418 +0.j  0.4177+0.j  0.332 +0.j  0.7821+0.j]
 [ 0.4625+0.j  0.6783+0.j  0.103 +0.j -0.3626+0.j]
 [-0.2375+0.j  0.5469+0.j  0.3128+0.j -0.1171+0.j]
 [ 0.7675+0.j  0.0647+0.j  0.3658+0.j  0.5788+0.j]]
