[[ 0.6361  0.9621  0.589   0.0309]
 [-0.1393 -0.1914 -0.2836  0.6024]
 [ 0.4146 -0.6237  0.0181 -0.4275]
 [-0.4758  0.2959  0.1374  0.8736]]
