[ 7.12961291e-01  1.07279089e-03  7.33006656e+00 -5.70476680e+00]
