[[1.1553+0.j 0.5188+0.j 0.5715+0.j 0.6143+0.j]
 [0.5188+0.j 1.0001+0.j 0.816 +0.j 0.6663+0.j]
 [0.5715+0.j 0.816 +0.j 1.0777+0.j 1.1683+0.j]
 [0.6143+0.j 0.6663+0.j 1.1683+0.j 1.808 +0.j]]
