[[0.9618+0.j 2.1318+0.j 2.1847+0.j 1.782 +0.j]
 [0.953 +0.j 1.784 +0.j 1.8072+0.j 1.4165+0.j]
 [0.4341+0.j 1.0086+0.j 0.8805+0.j 1.2964+0.j]
 [0.3288+0.j 0.4427+0.j 0.7805+0.j 0.5756+0.j]]
