[[1.9919 0.4555 0.7019 1.0381]
 [0.4555 0.6026 0.2499 0.7296]
 [0.7019 0.2499 0.2844 0.4604]
 [1.0381 0.7296 0.4604 1.6023]]
