[[ 2.62811    -1.0833237   0.42766613  3.6657395 ]
 [-1.0508586   1.6443644   0.09269029  0.53886783]
 [ 0.28338188 -0.72685796  0.43325916 -2.1951983 ]
 [-0.99452436  1.1642201  -0.6229001  -1.6329271 ]]
