[[2.2958+0.j 1.8309+0.j 1.6531+0.j 2.2157+0.j]
 [1.8309+0.j 1.6303+0.j 2.0282+0.j 2.5231+0.j]
 [1.6531+0.j 2.0282+0.j 2.2558+0.j 2.5992+0.j]
 [2.2157+0.j 2.5231+0.j 2.5992+0.j 2.2221+0.j]]
