[[ 1.5719973  -1.4933658  -1.1773252  -0.8221214 ]
 [-2.5152726   2.4271758   3.8656065   2.6669552 ]
 [-0.88160837 -0.08316562  0.9743249  -0.1328349 ]
 [ 3.742521   -0.31058416 -3.642631   -1.6329271 ]]
