[[1.0805+0.j 0.7398+0.j 1.043 +0.j 1.0748+0.j]
 [0.7398+0.j 0.6381+0.j 0.7972+0.j 0.8663+0.j]
 [1.043 +0.j 0.7972+0.j 1.0645+0.j 1.1731+0.j]
 [1.0748+0.j 0.8663+0.j 1.1731+0.j 1.9046+0.j]]
