[[1.8473 1.045  1.0928 1.9122]
 [1.1832 1.0067 1.2921 1.0873]
 [0.2539 0.2117 0.1831 0.2381]
 [0.0411 0.0799 0.0128 0.0318]]
